127.0.0.1 - - [26/Jan/2024:11:59:47 +0900] "GET / HTTP/1.1" 404 896
127.0.0.1 - - [26/Jan/2024:12:00:13 +0900] "GET / HTTP/1.1" 404 896
127.0.0.1 - - [26/Jan/2024:12:01:58 +0900] "GET / HTTP/1.1" 404 896
127.0.0.1 - - [26/Jan/2024:12:05:12 +0900] "GET / HTTP/1.1" 404 896
0:0:0:0:0:0:0:1 - - [26/Jan/2024:12:05:14 +0900] "-" 400 2516
0:0:0:0:0:0:0:1 - - [26/Jan/2024:12:05:14 +0900] "-" 400 2476
0:0:0:0:0:0:0:1 - - [26/Jan/2024:12:05:14 +0900] "-" 400 2528
0:0:0:0:0:0:0:1 - - [26/Jan/2024:12:05:14 +0900] "-" 400 2506
0:0:0:0:0:0:0:1 - - [26/Jan/2024:12:05:17 +0900] "-" 400 2424
0:0:0:0:0:0:0:1 - - [26/Jan/2024:12:05:17 +0900] "-" 400 2420
0:0:0:0:0:0:0:1 - - [26/Jan/2024:12:05:17 +0900] "-" 400 2434
0:0:0:0:0:0:0:1 - - [26/Jan/2024:12:05:17 +0900] "-" 400 2440
0:0:0:0:0:0:0:1 - - [26/Jan/2024:12:05:19 +0900] "-" 400 2424
0:0:0:0:0:0:0:1 - - [26/Jan/2024:12:05:19 +0900] "-" 400 2516
0:0:0:0:0:0:0:1 - - [26/Jan/2024:12:05:19 +0900] "-" 400 2508
0:0:0:0:0:0:0:1 - - [26/Jan/2024:12:05:19 +0900] "-" 400 2412
0:0:0:0:0:0:0:1 - - [26/Jan/2024:12:05:26 +0900] "GET /web/index.html HTTP/1.1" 404 914
0:0:0:0:0:0:0:1 - - [26/Jan/2024:12:05:26 +0900] "GET /favicon.ico HTTP/1.1" 404 907
127.0.0.1 - - [26/Jan/2024:12:12:23 +0900] "GET / HTTP/1.1" 404 896
0:0:0:0:0:0:0:1 - - [26/Jan/2024:12:12:38 +0900] "GET /web/index.html HTTP/1.1" 200 159
127.0.0.1 - - [26/Jan/2024:13:38:20 +0900] "GET / HTTP/1.1" 404 896
0:0:0:0:0:0:0:1 - - [26/Jan/2024:13:38:37 +0900] "GET /web/index.html HTTP/1.1" 304 -
0:0:0:0:0:0:0:1 - - [26/Jan/2024:13:38:38 +0900] "GET /web/index.html HTTP/1.1" 304 -
127.0.0.1 - - [26/Jan/2024:13:38:52 +0900] "GET / HTTP/1.1" 404 896
127.0.0.1 - - [26/Jan/2024:13:39:37 +0900] "GET / HTTP/1.1" 404 896
0:0:0:0:0:0:0:1 - - [26/Jan/2024:13:39:53 +0900] "GET /web/index.html HTTP/1.1" 304 -
0:0:0:0:0:0:0:1 - - [26/Jan/2024:13:39:54 +0900] "GET /web/index.html HTTP/1.1" 304 -
127.0.0.1 - - [26/Jan/2024:13:40:22 +0900] "GET / HTTP/1.1" 404 896
0:0:0:0:0:0:0:1 - - [26/Jan/2024:13:40:26 +0900] "GET /web/index.html HTTP/1.1" 404 914
0:0:0:0:0:0:0:1 - - [26/Jan/2024:13:40:28 +0900] "GET /web/index.html HTTP/1.1" 404 914
127.0.0.1 - - [26/Jan/2024:13:41:33 +0900] "GET / HTTP/1.1" 404 896
0:0:0:0:0:0:0:1 - - [26/Jan/2024:13:41:38 +0900] "GET /web/index.html HTTP/1.1" 404 914
0:0:0:0:0:0:0:1 - - [26/Jan/2024:13:41:40 +0900] "GET /web/index.html HTTP/1.1" 404 914
0:0:0:0:0:0:0:1 - - [26/Jan/2024:13:42:32 +0900] "GET /myPage/index.html HTTP/1.1" 404 917
0:0:0:0:0:0:0:1 - - [26/Jan/2024:13:43:04 +0900] "GET /ex-web/mtPage.html HTTP/1.1" 404 918
127.0.0.1 - - [26/Jan/2024:13:43:28 +0900] "GET / HTTP/1.1" 404 896
0:0:0:0:0:0:0:1 - - [26/Jan/2024:13:43:29 +0900] "GET /ex-web/mtPage.html HTTP/1.1" 404 918
0:0:0:0:0:0:0:1 - - [26/Jan/2024:13:43:54 +0900] "GET /uaer/ex-web/mtPage.html HTTP/1.1" 404 927
0:0:0:0:0:0:0:1 - - [26/Jan/2024:13:44:01 +0900] "GET /user/ex-web/mtPage.html HTTP/1.1" 404 927
0:0:0:0:0:0:0:1 - - [26/Jan/2024:13:44:04 +0900] "GET /user/ex-web/mtPage.html HTTP/1.1" 404 927
0:0:0:0:0:0:0:1 - - [26/Jan/2024:13:44:50 +0900] "GET /ex-web/user/myPage.html HTTP/1.1" 200 168
0:0:0:0:0:0:0:1 - - [26/Jan/2024:13:49:50 +0900] "GET /ex-web/user/image.html HTTP/1.1" 200 159
0:0:0:0:0:0:0:1 - - [26/Jan/2024:13:49:50 +0900] "GET /ex-web/image.html HTTP/1.1" 404 917
0:0:0:0:0:0:0:1 - - [26/Jan/2024:13:49:55 +0900] "GET /ex-web/user/image.html HTTP/1.1" 304 -
0:0:0:0:0:0:0:1 - - [26/Jan/2024:13:49:55 +0900] "GET /ex-web/image.html HTTP/1.1" 404 917
0:0:0:0:0:0:0:1 - - [26/Jan/2024:13:50:12 +0900] "GET /ex-web/user/image.html HTTP/1.1" 200 171
0:0:0:0:0:0:0:1 - - [26/Jan/2024:13:50:12 +0900] "GET /ex-web/image.html HTTP/1.1" 404 917
0:0:0:0:0:0:0:1 - - [26/Jan/2024:13:50:13 +0900] "GET /ex-web/user/image.html HTTP/1.1" 304 -
0:0:0:0:0:0:0:1 - - [26/Jan/2024:13:50:13 +0900] "GET /ex-web/image.html HTTP/1.1" 404 917
0:0:0:0:0:0:0:1 - - [26/Jan/2024:13:51:25 +0900] "GET /ex-web/user/image.html HTTP/1.1" 200 178
0:0:0:0:0:0:0:1 - - [26/Jan/2024:13:51:25 +0900] "GET /ex-web/img/onepiece01_luffy.png HTTP/1.1" 404 935
0:0:0:0:0:0:0:1 - - [26/Jan/2024:13:51:27 +0900] "GET /ex-web/user/image.html HTTP/1.1" 304 -
0:0:0:0:0:0:0:1 - - [26/Jan/2024:13:51:27 +0900] "GET /ex-web/img/onepiece01_luffy.png HTTP/1.1" 404 935
0:0:0:0:0:0:0:1 - - [26/Jan/2024:13:52:23 +0900] "GET /ex-web/user/image.html HTTP/1.1" 304 -
0:0:0:0:0:0:0:1 - - [26/Jan/2024:13:52:23 +0900] "GET /ex-web/img/onepiece01_luffy.png HTTP/1.1" 404 935
0:0:0:0:0:0:0:1 - - [26/Jan/2024:13:54:19 +0900] "GET /ex-web/user/image.html HTTP/1.1" 200 186
0:0:0:0:0:0:0:1 - - [26/Jan/2024:13:54:19 +0900] "GET /ex-web/img/onepiece01_luffy.png HTTP/1.1" 404 935
0:0:0:0:0:0:0:1 - - [26/Jan/2024:13:58:00 +0900] "GET /ex-web/user/image.html HTTP/1.1" 200 189
0:0:0:0:0:0:0:1 - - [26/Jan/2024:13:58:00 +0900] "GET /ex-web/img/onepiece01_luffy.png HTTP/1.1" 404 935
0:0:0:0:0:0:0:1 - - [26/Jan/2024:14:02:04 +0900] "GET /ex-web/user/image.html HTTP/1.1" 304 -
0:0:0:0:0:0:0:1 - - [26/Jan/2024:14:02:04 +0900] "GET /ex-web/img/onepiece01_luffy.png HTTP/1.1" 200 114496
0:0:0:0:0:0:0:1 - - [26/Jan/2024:14:51:08 +0900] "GET /web_basic/HelloServlet HTTP/1.1" 404 922
127.0.0.1 - - [26/Jan/2024:14:51:23 +0900] "GET / HTTP/1.1" 404 896
0:0:0:0:0:0:0:1 - - [26/Jan/2024:14:51:25 +0900] "GET /web_basic/HelloServlet HTTP/1.1" 500 3525
0:0:0:0:0:0:0:1 - - [26/Jan/2024:14:51:27 +0900] "GET /web_basic/HelloServlet HTTP/1.1" 404 803
0:0:0:0:0:0:0:1 - - [26/Jan/2024:14:51:28 +0900] "GET /web_basic/HelloServlet HTTP/1.1" 404 803
0:0:0:0:0:0:0:1 - - [26/Jan/2024:14:54:16 +0900] "GET /web_basic/HelloServlet HTTP/1.1" 404 803
127.0.0.1 - - [26/Jan/2024:14:54:34 +0900] "GET / HTTP/1.1" 404 896
0:0:0:0:0:0:0:1 - - [26/Jan/2024:14:54:50 +0900] "GET /web_basic/HelloServlet HTTP/1.1" 200 16
127.0.0.1 - - [26/Jan/2024:14:55:58 +0900] "GET / HTTP/1.1" 404 896
0:0:0:0:0:0:0:1 - - [26/Jan/2024:14:56:10 +0900] "GET /web_basic/HelloServlet HTTP/1.1" 500 3525
0:0:0:0:0:0:0:1 - - [26/Jan/2024:14:56:11 +0900] "GET /web_basic/HelloServlet HTTP/1.1" 404 803
0:0:0:0:0:0:0:1 - - [26/Jan/2024:14:56:12 +0900] "GET /web_basic/HelloServlet HTTP/1.1" 404 803
0:0:0:0:0:0:0:1 - - [26/Jan/2024:14:56:13 +0900] "GET /web_basic/HelloServlet HTTP/1.1" 404 803
127.0.0.1 - - [26/Jan/2024:14:56:28 +0900] "GET / HTTP/1.1" 404 896
0:0:0:0:0:0:0:1 - - [26/Jan/2024:14:56:32 +0900] "GET /web_basic/HelloServlet HTTP/1.1" 500 3507
0:0:0:0:0:0:0:1 - - [26/Jan/2024:14:56:33 +0900] "GET /web_basic/HelloServlet HTTP/1.1" 404 803
0:0:0:0:0:0:0:1 - - [26/Jan/2024:14:56:34 +0900] "GET /web_basic/HelloServlet HTTP/1.1" 404 803
0:0:0:0:0:0:0:1 - - [26/Jan/2024:14:56:35 +0900] "GET /web_basic/HelloServlet HTTP/1.1" 404 803
0:0:0:0:0:0:0:1 - - [26/Jan/2024:14:56:37 +0900] "GET /web_basic/HelloServlet HTTP/1.1" 404 803
127.0.0.1 - - [26/Jan/2024:14:57:03 +0900] "GET / HTTP/1.1" 404 896
0:0:0:0:0:0:0:1 - - [26/Jan/2024:14:57:09 +0900] "GET /web_basic/HelloServlet HTTP/1.1" 200 16
0:0:0:0:0:0:0:1 - - [26/Jan/2024:15:04:28 +0900] "GET /web_basic/view/ch06/hello.jsp HTTP/1.1" 404 909
127.0.0.1 - - [26/Jan/2024:15:05:12 +0900] "GET / HTTP/1.1" 404 896
0:0:0:0:0:0:0:1 - - [26/Jan/2024:15:05:18 +0900] "GET /web_basic/view/ch06/hello.jsp HTTP/1.1" 404 909
0:0:0:0:0:0:0:1 - - [26/Jan/2024:15:05:21 +0900] "GET /web_basic/view/ch06/hello.jsp HTTP/1.1" 404 909
127.0.0.1 - - [26/Jan/2024:15:06:15 +0900] "GET / HTTP/1.1" 404 896
0:0:0:0:0:0:0:1 - - [26/Jan/2024:15:06:43 +0900] "GET /web_basic/view/ch06/hello.jsp HTTP/1.1" 404 909
0:0:0:0:0:0:0:1 - - [26/Jan/2024:15:06:46 +0900] "GET /web_basic/view/ch06/hello.jsp HTTP/1.1" 404 909
127.0.0.1 - - [26/Jan/2024:15:11:47 +0900] "GET / HTTP/1.1" 404 896
0:0:0:0:0:0:0:1 - - [26/Jan/2024:15:12:16 +0900] "GET /web_basic/view/ch06/hello.jsp HTTP/1.1" 200 96
127.0.0.1 - - [26/Jan/2024:15:29:01 +0900] "GET / HTTP/1.1" 404 896
0:0:0:0:0:0:0:1 - - [26/Jan/2024:15:29:11 +0900] "GET /web_basic/UseForwardServlet1 HTTP/1.1" 200 160
127.0.0.1 - - [26/Jan/2024:15:59:56 +0900] "GET / HTTP/1.1" 404 896
0:0:0:0:0:0:0:1 - - [26/Jan/2024:16:00:05 +0900] "GET /web_basic/UseRequestServlet1 HTTP/1.1" 200 184
127.0.0.1 - - [26/Jan/2024:17:12:02 +0900] "GET / HTTP/1.1" 404 896
0:0:0:0:0:0:0:1 - - [26/Jan/2024:17:15:47 +0900] "GET /web_basic/UseMyclassServlet1 HTTP/1.1" 500 1356
127.0.0.1 - - [26/Jan/2024:17:16:04 +0900] "GET / HTTP/1.1" 404 896
0:0:0:0:0:0:0:1 - - [26/Jan/2024:17:16:18 +0900] "GET /web_basic/UseMyclassServlet1 HTTP/1.1" 500 1356
0:0:0:0:0:0:0:1 - - [26/Jan/2024:17:16:20 +0900] "GET /web_basic/UseMyclassServlet1 HTTP/1.1" 500 1356
0:0:0:0:0:0:0:1 - - [26/Jan/2024:17:16:27 +0900] "GET /web_basic/UseMyclassServlet1 HTTP/1.1" 500 1356
127.0.0.1 - - [26/Jan/2024:17:29:31 +0900] "GET / HTTP/1.1" 404 896
127.0.0.1 - - [26/Jan/2024:17:29:39 +0900] "GET /web_basic/Myclass.html HTTP/1.1" 200 555
127.0.0.1 - - [26/Jan/2024:17:29:48 +0900] "GET /UseMyclassServlet1?num1=4&num2=5 HTTP/1.1" 404 914
127.0.0.1 - - [26/Jan/2024:17:31:59 +0900] "GET / HTTP/1.1" 404 896
0:0:0:0:0:0:0:1 - - [26/Jan/2024:17:32:26 +0900] "GET /web_basic/Myclass.html HTTP/1.1" 200 567
0:0:0:0:0:0:0:1 - - [26/Jan/2024:17:32:33 +0900] "GET /web_basic/UseMyclassServlet1?num1=1&num2=3 HTTP/1.1" 404 896
